2026-08-01 13:04:17 | INFO     | app.main | Frontend mounted from C:\Users\MKPOUTO IDIBEKE\Documents\GitHub\Jummikville-Management-System\frontend
INFO:     Started server process [23404]
INFO:     Waiting for application startup.
2026-08-01 13:04:17 | INFO     | app.main | Creating database tables...
2026-08-01 13:04:17,292 INFO sqlalchemy.engine.Engine BEGIN (implicit)
2026-08-01 13:04:17 | INFO     | sqlalchemy.engine.Engine | BEGIN (implicit)
2026-08-01 13:04:17,292 INFO sqlalchemy.engine.Engine PRAGMA main.table_info("schools")
2026-08-01 13:04:17 | INFO     | sqlalchemy.engine.Engine | PRAGMA main.table_info("schools")
2026-08-01 13:04:17,292 INFO sqlalchemy.engine.Engine [raw sql] ()
2026-08-01 13:04:17 | INFO     | sqlalchemy.engine.Engine | [raw sql] ()
2026-08-01 13:04:17,294 INFO sqlalchemy.engine.Engine PRAGMA main.table_info("students")
2026-08-01 13:04:17 | INFO     | sqlalchemy.engine.Engine | PRAGMA main.table_info("students")
2026-08-01 13:04:17,294 INFO sqlalchemy.engine.Engine [raw sql] ()
2026-08-01 13:04:17 | INFO     | sqlalchemy.engine.Engine | [raw sql] ()
2026-08-01 13:04:17,295 INFO sqlalchemy.engine.Engine PRAGMA main.table_info("fee_types")
2026-08-01 13:04:17 | INFO     | sqlalchemy.engine.Engine | PRAGMA main.table_info("fee_types")
2026-08-01 13:04:17,295 INFO sqlalchemy.engine.Engine [raw sql] ()
2026-08-01 13:04:17 | INFO     | sqlalchemy.engine.Engine | [raw sql] ()
2026-08-01 13:04:17,296 INFO sqlalchemy.engine.Engine PRAGMA main.table_info("fee_records")
2026-08-01 13:04:17 | INFO     | sqlalchemy.engine.Engine | PRAGMA main.table_info("fee_records")
2026-08-01 13:04:17,296 INFO sqlalchemy.engine.Engine [raw sql] ()
2026-08-01 13:04:17 | INFO     | sqlalchemy.engine.Engine | [raw sql] ()
2026-08-01 13:04:17,296 INFO sqlalchemy.engine.Engine PRAGMA main.table_info("payments")
2026-08-01 13:04:17 | INFO     | sqlalchemy.engine.Engine | PRAGMA main.table_info("payments")
2026-08-01 13:04:17,296 INFO sqlalchemy.engine.Engine [raw sql] ()
2026-08-01 13:04:17 | INFO     | sqlalchemy.engine.Engine | [raw sql] ()
2026-08-01 13:04:17,297 INFO sqlalchemy.engine.Engine PRAGMA main.table_info("activity_logs")
2026-08-01 13:04:17 | INFO     | sqlalchemy.engine.Engine | PRAGMA main.table_info("activity_logs")
2026-08-01 13:04:17,297 INFO sqlalchemy.engine.Engine [raw sql] ()
2026-08-01 13:04:17 | INFO     | sqlalchemy.engine.Engine | [raw sql] ()
2026-08-01 13:04:17,297 INFO sqlalchemy.engine.Engine COMMIT
2026-08-01 13:04:17 | INFO     | sqlalchemy.engine.Engine | COMMIT
2026-08-01 13:04:17 | INFO     | app.main | Database tables ready.
INFO:     Application startup complete.
INFO:     Uvicorn running on http://127.0.0.1:8000 (Press CTRL+C to quit)
INFO:     127.0.0.1:50481 - "GET /health HTTP/1.1" 200 OK
2026-08-01 13:04:30,792 INFO sqlalchemy.engine.Engine BEGIN (implicit)
2026-08-01 13:04:30 | INFO     | sqlalchemy.engine.Engine | BEGIN (implicit)
2026-08-01 13:04:30,796 INFO sqlalchemy.engine.Engine SELECT schools.id AS schools_id, schools.name AS schools_name, schools.slug AS schools_slug, schools.phone AS schools_phone, schools.email AS schools_email, schools.address AS schools_address, schools.is_active AS schools_is_active, schools.created_at AS schools_created_at 
FROM schools 
WHERE schools.id = ?
 LIMIT ? OFFSET ?
2026-08-01 13:04:30 | INFO     | sqlalchemy.engine.Engine | SELECT schools.id AS schools_id, schools.name AS schools_name, schools.slug AS schools_slug, schools.phone AS schools_phone, schools.email AS schools_email, schools.address AS schools_address, schools.is_active AS schools_is_active, schools.created_at AS schools_created_at 
FROM schools 
WHERE schools.id = ?
 LIMIT ? OFFSET ?
2026-08-01 13:04:30,797 INFO sqlalchemy.engine.Engine [generated in 0.00050s] (1, 1, 0)
2026-08-01 13:04:30 | INFO     | sqlalchemy.engine.Engine | [generated in 0.00050s] (1, 1, 0)
2026-08-01 13:04:30,808 INFO sqlalchemy.engine.Engine SELECT students.id AS students_id, students.school_id AS students_school_id, students.student_name AS students_student_name, students.class_name AS students_class_name, students.parent_name AS students_parent_name, students.parent_phone AS students_parent_phone, students.parent_email AS students_parent_email, students.is_active AS students_is_active, students.created_at AS students_created_at, fee_records_1.id AS fee_records_1_id, fee_records_1.student_id AS fee_records_1_student_id, fee_records_1.fee_type_id AS fee_records_1_fee_type_id, fee_records_1.total_fees_kobo AS fee_records_1_total_fees_kobo, fee_records_1.amount_paid_kobo AS fee_records_1_amount_paid_kobo, fee_records_1.status AS fee_records_1_status, fee_records_1.created_at AS fee_records_1_created_at, fee_records_1.updated_at AS fee_records_1_updated_at 
FROM students LEFT OUTER JOIN fee_records AS fee_records_1 ON students.id = fee_records_1.student_id 
WHERE students.school_id = ? AND students.is_active = 1
2026-08-01 13:04:30 | INFO     | sqlalchemy.engine.Engine | SELECT students.id AS students_id, students.school_id AS students_school_id, students.student_name AS students_student_name, students.class_name AS students_class_name, students.parent_name AS students_parent_name, students.parent_phone AS students_parent_phone, students.parent_email AS students_parent_email, students.is_active AS students_is_active, students.created_at AS students_created_at, fee_records_1.id AS fee_records_1_id, fee_records_1.student_id AS fee_records_1_student_id, fee_records_1.fee_type_id AS fee_records_1_fee_type_id, fee_records_1.total_fees_kobo AS fee_records_1_total_fees_kobo, fee_records_1.amount_paid_kobo AS fee_records_1_amount_paid_kobo, fee_records_1.status AS fee_records_1_status, fee_records_1.created_at AS fee_records_1_created_at, fee_records_1.updated_at AS fee_records_1_updated_at 
FROM students LEFT OUTER JOIN fee_records AS fee_records_1 ON students.id = fee_records_1.student_id 
WHERE students.school_id = ? AND students.is_active = 1
2026-08-01 13:04:30,808 INFO sqlalchemy.engine.Engine [generated in 0.00058s] (1,)
2026-08-01 13:04:30 | INFO     | sqlalchemy.engine.Engine | [generated in 0.00058s] (1,)
INFO:     127.0.0.1:50482 - "GET /api/v1/dashboard/summary?school_id=1 HTTP/1.1" 200 OK
2026-08-01 13:04:30,811 INFO sqlalchemy.engine.Engine ROLLBACK
2026-08-01 13:04:30 | INFO     | sqlalchemy.engine.Engine | ROLLBACK
2026-08-01 13:04:30,899 INFO sqlalchemy.engine.Engine BEGIN (implicit)
2026-08-01 13:04:30 | INFO     | sqlalchemy.engine.Engine | BEGIN (implicit)
2026-08-01 13:04:30,900 INFO sqlalchemy.engine.Engine SELECT schools.id AS schools_id, schools.name AS schools_name, schools.slug AS schools_slug, schools.phone AS schools_phone, schools.email AS schools_email, schools.address AS schools_address, schools.is_active AS schools_is_active, schools.created_at AS schools_created_at 
FROM schools 
WHERE schools.id = ?
 LIMIT ? OFFSET ?
2026-08-01 13:04:30 | INFO     | sqlalchemy.engine.Engine | SELECT schools.id AS schools_id, schools.name AS schools_name, schools.slug AS schools_slug, schools.phone AS schools_phone, schools.email AS schools_email, schools.address AS schools_address, schools.is_active AS schools_is_active, schools.created_at AS schools_created_at 
FROM schools 
WHERE schools.id = ?
 LIMIT ? OFFSET ?
2026-08-01 13:04:30,900 INFO sqlalchemy.engine.Engine [cached since 0.1039s ago] (1, 1, 0)
2026-08-01 13:04:30 | INFO     | sqlalchemy.engine.Engine | [cached since 0.1039s ago] (1, 1, 0)
2026-08-01 13:04:30,910 INFO sqlalchemy.engine.Engine SELECT students.id AS students_id, students.school_id AS students_school_id, students.student_name AS students_student_name, students.class_name AS students_class_name, students.parent_name AS students_parent_name, students.parent_phone AS students_parent_phone, students.parent_email AS students_parent_email, students.is_active AS students_is_active, students.created_at AS students_created_at, fee_records_1.id AS fee_records_1_id, fee_records_1.student_id AS fee_records_1_student_id, fee_records_1.fee_type_id AS fee_records_1_fee_type_id, fee_records_1.total_fees_kobo AS fee_records_1_total_fees_kobo, fee_records_1.amount_paid_kobo AS fee_records_1_amount_paid_kobo, fee_records_1.status AS fee_records_1_status, fee_records_1.created_at AS fee_records_1_created_at, fee_records_1.updated_at AS fee_records_1_updated_at 
FROM students LEFT OUTER JOIN fee_records AS fee_records_1 ON students.id = fee_records_1.student_id 
WHERE students.school_id = ? AND students.is_active = 1 ORDER BY students.student_name
2026-08-01 13:04:30 | INFO     | sqlalchemy.engine.Engine | SELECT students.id AS students_id, students.school_id AS students_school_id, students.student_name AS students_student_name, students.class_name AS students_class_name, students.parent_name AS students_parent_name, students.parent_phone AS students_parent_phone, students.parent_email AS students_parent_email, students.is_active AS students_is_active, students.created_at AS students_created_at, fee_records_1.id AS fee_records_1_id, fee_records_1.student_id AS fee_records_1_student_id, fee_records_1.fee_type_id AS fee_records_1_fee_type_id, fee_records_1.total_fees_kobo AS fee_records_1_total_fees_kobo, fee_records_1.amount_paid_kobo AS fee_records_1_amount_paid_kobo, fee_records_1.status AS fee_records_1_status, fee_records_1.created_at AS fee_records_1_created_at, fee_records_1.updated_at AS fee_records_1_updated_at 
FROM students LEFT OUTER JOIN fee_records AS fee_records_1 ON students.id = fee_records_1.student_id 
WHERE students.school_id = ? AND students.is_active = 1 ORDER BY students.student_name
2026-08-01 13:04:30,910 INFO sqlalchemy.engine.Engine [generated in 0.00066s] (1,)
2026-08-01 13:04:30 | INFO     | sqlalchemy.engine.Engine | [generated in 0.00066s] (1,)
INFO:     127.0.0.1:50483 - "GET /api/v1/dashboard/students?school_id=1 HTTP/1.1" 200 OK
2026-08-01 13:04:30,914 INFO sqlalchemy.engine.Engine ROLLBACK
2026-08-01 13:04:30 | INFO     | sqlalchemy.engine.Engine | ROLLBACK
INFO:     127.0.0.1:52356 - "GET / HTTP/1.1" 200 OK
INFO:     127.0.0.1:52359 - "GET /health HTTP/1.1" 200 OK
INFO:     127.0.0.1:52419 - "GET / HTTP/1.1" 200 OK
INFO:     127.0.0.1:52419 - "GET /app.js HTTP/1.1" 200 OK
INFO:     127.0.0.1:52419 - "GET /api/v1/auth/me HTTP/1.1" 404 Not Found
INFO:     127.0.0.1:52420 - "GET /api/v1/auth/me HTTP/1.1" 404 Not Found
INFO:     127.0.0.1:52420 - "GET /favicon.ico HTTP/1.1" 404 Not Found
INFO:     127.0.0.1:52420 - "GET /favicon.ico HTTP/1.1" 404 Not Found
INFO:     127.0.0.1:52421 - "POST /api/v1/auth/login HTTP/1.1" 405 Method Not Allowed
INFO:     127.0.0.1:52421 - "POST /api/v1/auth/login HTTP/1.1" 405 Method Not Allowed
INFO:     127.0.0.1:52604 - "POST /api/v1/auth/login HTTP/1.1" 405 Method Not Allowed
INFO:     127.0.0.1:52607 - "OPTIONS /api/v1/auth/login HTTP/1.1" 405 Method Not Allowed
INFO:     127.0.0.1:52718 - "GET /openapi.json HTTP/1.1" 200 OK
